[    0.000000] Initializing cgroup subsys cpuset
[    0.000000] Initializing cgroup subsys cpu
[    0.000000] Initializing cgroup subsys cpuacct
[    0.000000] Linux version 4.4.0-186-generic (buildd@lcy01-amd64-002) (gcc version 5.4.0 20160609 (Ubuntu 5.4.0-6ubuntu1~16.04.12) ) #216-Ubuntu SMP Wed Jul 1 05:34:05 UTC 2020 (Ubuntu 4.4.0-186.216-generic 4.4.228)
[    0.000000] Command line: BOOT_IMAGE=/boot/vmlinuz-4.4.0-186-generic root=LABEL=cloudimg-rootfs ro console=tty1 console=ttyS0
[    0.000000] KERNEL supported cpus:
[    0.000000]   Intel GenuineIntel
[    0.000000]   AMD AuthenticAMD
[    0.000000]   Centaur CentaurHauls
[    0.000000] x86/fpu: xstate_offset[2]:  576, xstate_sizes[2]:  256
[    0.000000] x86/fpu: Supporting XSAVE feature 0x01: 'x87 floating point registers'
[    0.000000] x86/fpu: Supporting XSAVE feature 0x02: 'SSE registers'
[    0.000000] x86/fpu: Supporting XSAVE feature 0x04: 'AVX registers'
[    0.000000] x86/fpu: Enabled xstate features 0x7, context size is 832 bytes, using 'standard' format.
[    0.000000] e820: BIOS-provided physical RAM map:
[    0.000000] BIOS-e820: [mem 0x0000000000000000-0x000000000009fbff] usable
[    0.000000] BIOS-e820: [mem 0x000000000009fc00-0x000000000009ffff] reserved
[    0.000000] BIOS-e820: [mem 0x00000000000f0000-0x00000000000fffff] reserved
[    0.000000] BIOS-e820: [mem 0x0000000000100000-0x000000003ffeffff] usable
[    0.000000] BIOS-e820: [mem 0x000000003fff0000-0x000000003fffffff] ACPI data
[    0.000000] BIOS-e820: [mem 0x00000000fec00000-0x00000000fec00fff] reserved
[    0.000000] BIOS-e820: [mem 0x00000000fee00000-0x00000000fee00fff] reserved
[    0.000000] BIOS-e820: [mem 0x00000000fffc0000-0x00000000ffffffff] reserved
[    0.000000] NX (Execute Disable) protection: active
[    0.000000] SMBIOS 2.5 present.
[    0.000000] Hypervisor detected: KVM
[    0.000000] e820: last_pfn = 0x3fff0 max_arch_pfn = 0x400000000
[    0.000000] MTRR: Disabled
[    0.000000] x86/PAT: MTRRs disabled, skipping PAT initialization too.
[    0.000000] CPU MTRRs all blank - virtualized system.
[    0.000000] x86/PAT: Configuration [0-7]: WB  WT  UC- UC  WB  WT  UC- UC  
[    0.000000] found SMP MP-table at [mem 0x0009fff0-0x0009ffff] mapped at [ffff88000009fff0]
[    0.000000] Scanning 1 areas for low memory corruption
[    0.000000] RAMDISK: [mem 0x362de000-0x37166fff]
[    0.000000] ACPI: Early table checksum verification disabled
[    0.000000] ACPI: RSDP 0x00000000000E0000 000024 (v02 VBOX  )
[    0.000000] ACPI: XSDT 0x000000003FFF0030 00003C (v01 VBOX   VBOXXSDT 00000001 ASL  00000061)
[    0.000000] ACPI: FACP 0x000000003FFF00F0 0000F4 (v04 VBOX   VBOXFACP 00000001 ASL  00000061)
[    0.000000] ACPI: DSDT 0x000000003FFF0470 002325 (v02 VBOX   VBOXBIOS 00000002 INTL 20100528)
[    0.000000] ACPI: FACS 0x000000003FFF0200 000040
[    0.000000] ACPI: FACS 0x000000003FFF0200 000040
[    0.000000] ACPI: APIC 0x000000003FFF0240 00005C (v02 VBOX   VBOXAPIC 00000001 ASL  00000061)
[    0.000000] ACPI: SSDT 0x000000003FFF02A0 0001CC (v01 VBOX   VBOXCPUT 00000002 INTL 20100528)
[    0.000000] No NUMA configuration found
[    0.000000] Faking a node at [mem 0x0000000000000000-0x000000003ffeffff]
[    0.000000] NODE_DATA(0) allocated [mem 0x3ffeb000-0x3ffeffff]
[    0.000000] kvm-clock: Using msrs 4b564d01 and 4b564d00
[    0.000000] kvm-clock: cpu 0, msr 0:3ffe3001, primary cpu clock
[    0.000000] kvm-clock: using sched offset of 4950469617 cycles
[    0.000000] clocksource: kvm-clock: mask: 0xffffffffffffffff max_cycles: 0x1cd42e4dffb, max_idle_ns: 881590591483 ns
[    0.000000] Zone ranges:
[    0.000000]   DMA      [mem 0x0000000000001000-0x0000000000ffffff]
[    0.000000]   DMA32    [mem 0x0000000001000000-0x000000003ffeffff]
[    0.000000]   Normal   empty
[    0.000000]   Device   empty
[    0.000000] Movable zone start for each node
[    0.000000] Early memory node ranges
[    0.000000]   node   0: [mem 0x0000000000001000-0x000000000009efff]
[    0.000000]   node   0: [mem 0x0000000000100000-0x000000003ffeffff]
[    0.000000] Initmem setup node 0 [mem 0x0000000000001000-0x000000003ffeffff]
[    0.000000] ACPI: PM-Timer IO Port: 0x4008
[    0.000000] IOAPIC[0]: apic_id 2, version 32, address 0xfec00000, GSI 0-23
[    0.000000] ACPI: INT_SRC_OVR (bus 0 bus_irq 0 global_irq 2 dfl dfl)
[    0.000000] ACPI: INT_SRC_OVR (bus 0 bus_irq 9 global_irq 9 low level)
[    0.000000] Using ACPI (MADT) for SMP configuration information
[    0.000000] smpboot: Allowing 2 CPUs, 0 hotplug CPUs
[    0.000000] PM: Registered nosave memory: [mem 0x00000000-0x00000fff]
[    0.000000] PM: Registered nosave memory: [mem 0x0009f000-0x0009ffff]
[    0.000000] PM: Registered nosave memory: [mem 0x000a0000-0x000effff]
[    0.000000] PM: Registered nosave memory: [mem 0x000f0000-0x000fffff]
[    0.000000] e820: [mem 0x40000000-0xfebfffff] available for PCI devices
[    0.000000] Booting paravirtualized kernel on KVM
[    0.000000] clocksource: refined-jiffies: mask: 0xffffffff max_cycles: 0xffffffff, max_idle_ns: 7645519600211568 ns
[    0.000000] setup_percpu: NR_CPUS:512 nr_cpumask_bits:512 nr_cpu_ids:2 nr_node_ids:1
[    0.000000] PERCPU: Embedded 33 pages/cpu @ffff88003fc00000 s95512 r8192 d31464 u1048576
[    0.000000] Built 1 zonelists in Node order, mobility grouping on.  Total pages: 257912
[    0.000000] Policy zone: DMA32
[    0.000000] Kernel command line: BOOT_IMAGE=/boot/vmlinuz-4.4.0-186-generic root=LABEL=cloudimg-rootfs ro console=tty1 console=ttyS0
[    0.000000] PID hash table entries: 4096 (order: 3, 32768 bytes)
[    0.000000] Memory: 997660K/1048120K available (8636K kernel code, 1337K rwdata, 4040K rodata, 1492K init, 1296K bss, 50460K reserved, 0K cma-reserved)
[    0.000000] SLUB: HWalign=64, Order=0-3, MinObjects=0, CPUs=2, Nodes=1
[    0.000000] Kernel/User page tables isolation: enabled
[    0.000000] Hierarchical RCU implementation.
[    0.000000] 	Build-time adjustment of leaf fanout to 64.
[    0.000000] 	RCU restricting CPUs from NR_CPUS=512 to nr_cpu_ids=2.
[    0.000000] RCU: Adjusting geometry for rcu_fanout_leaf=64, nr_cpu_ids=2
[    0.000000] NR_IRQS:33024 nr_irqs:440 16
[    0.000000] Console: colour VGA+ 80x25
[    0.000000] console [tty1] enabled
[    0.000000] console [ttyS0] enabled
[    0.000000] tsc: Detected 2494.238 MHz processor
[    0.364194] Calibrating delay loop (skipped) preset value.. 4988.47 BogoMIPS (lpj=9976952)
[    0.367694] pid_max: default: 32768 minimum: 301
[    0.369621] ACPI: Core revision 20150930
[    0.375353] ACPI: 2 ACPI AML tables successfully acquired and loaded
[    0.378193] Security Framework initialized
[    0.379955] Yama: becoming mindful.
[    0.381578] AppArmor: AppArmor initialized
[    0.383452] Dentry cache hash table entries: 131072 (order: 8, 1048576 bytes)
[    0.403906] Inode-cache hash table entries: 65536 (order: 7, 524288 bytes)
[    0.407244] Mount-cache hash table entries: 2048 (order: 2, 16384 bytes)
[    0.409680] Mountpoint-cache hash table entries: 2048 (order: 2, 16384 bytes)
[    0.412516] Initializing cgroup subsys io
[    0.414354] Initializing cgroup subsys memory
[    0.416193] Initializing cgroup subsys devices
[    0.417961] Initializing cgroup subsys freezer
[    0.419790] Initializing cgroup subsys net_cls
[    0.421532] Initializing cgroup subsys perf_event
[    0.423383] Initializing cgroup subsys net_prio
[    0.425244] Initializing cgroup subsys hugetlb
[    0.427048] Initializing cgroup subsys pids
[    0.429789] mce: CPU supports 0 MCE banks
[    0.431599] Last level iTLB entries: 4KB 1024, 2MB 1024, 4MB 1024
[    0.433935] Last level dTLB entries: 4KB 1024, 2MB 1024, 4MB 1024, 1GB 4
[    0.436501] Spectre V1 : Mitigation: usercopy/swapgs barriers and __user pointer sanitization
[    0.440050] Spectre V2 : Mitigation: Full generic retpoline
[    0.442262] Spectre V2 : Spectre v2 / SpectreRSB mitigation: Filling RSB on context switch
[    0.445811] Speculative Store Bypass: Vulnerable
[    0.447678] SRBDS: Unknown: Dependent on hypervisor status
[    0.449868] MDS: Vulnerable: Clear CPU buffers attempted, no microcode
[    0.457700] Freeing SMP alternatives memory: 36K
[    0.471235] ftrace: allocating 32334 entries in 127 pages
[    0.601786] smpboot: APIC(0) Converting physical 0 to logical package 0
[    0.604218] smpboot: Max logical packages: 1
[    0.606599] x2apic enabled
[    0.608580] Switched APIC routing to physical x2apic.
[    0.613301] ..TIMER: vector=0x30 apic1=0 pin1=2 apic2=-1 pin2=-1
[    0.723940] smpboot: CPU0: Intel(R) Core(TM) i7-4710HQ CPU @ 2.50GHz (family: 0x6, model: 0x3c, stepping: 0x3)
[    0.728449] Performance Events: unsupported p6 CPU model 60 no PMU driver, software events only.
[    0.748813] KVM setup paravirtual spinlock
[    0.751769] x86: Booting SMP configuration:
[    0.753697] .... node  #0, CPUs:      #1
[    0.755488] kvm-clock: cpu 1, msr 0:3ffe3041, secondary cpu clock
[    0.758328] mce: CPU supports 0 MCE banks
[    0.761608] x86: Booted up 1 node, 2 CPUs
[    0.764016] smpboot: Total of 2 processors activated (9976.95 BogoMIPS)
[    0.767193] devtmpfs: initialized
[    0.781117] evm: security.selinux
[    0.782951] evm: security.SMACK64
[    0.784722] evm: security.SMACK64EXEC
[    0.786427] evm: security.SMACK64TRANSMUTE
[    0.788319] evm: security.SMACK64MMAP
[    0.789982] evm: security.ima
[    0.791390] evm: security.capability
[    0.793355] clocksource: jiffies: mask: 0xffffffff max_cycles: 0xffffffff, max_idle_ns: 7645041785100000 ns
[    0.798018] futex hash table entries: 512 (order: 3, 32768 bytes)
[    0.800919] pinctrl core: initialized pinctrl subsystem
[    0.803138] RTC time: 11:31:21, date: 07/27/20
[    0.805323] NET: Registered protocol family 16
[    0.817049] cpuidle: using governor ladder
[    0.829709] cpuidle: using governor menu
[    0.831481] PCCT header not found.
[    0.833262] ACPI: bus type PCI registered
[    0.835020] acpiphp: ACPI Hot Plug PCI Controller Driver version: 0.5
[    0.837688] PCI: Using configuration type 1 for base access
[    0.855083] ACPI: Added _OSI(Module Device)
[    0.857088] ACPI: Added _OSI(Processor Device)
[    0.859068] ACPI: Added _OSI(3.0 _SCP Extensions)
[    0.861021] ACPI: Added _OSI(Processor Aggregator Device)
[    0.864831] ACPI: Executed 1 blocks of module-level executable AML code
[    0.873799] ACPI: Interpreter enabled
[    0.875988] ACPI: (supports S0 S5)
[    0.877927] ACPI: Using IOAPIC for interrupt routing
[    0.880424] PCI: Using host bridge windows from ACPI; if necessary, use "pci=nocrs" and report a bug
[    0.893182] ACPI: PCI Root Bridge [PCI0] (domain 0000 [bus 00-ff])
[    0.895646] acpi PNP0A03:00: _OSC: OS supports [ASPM ClockPM Segments MSI]
[    0.899289] acpi PNP0A03:00: _OSC: not requesting OS control; OS requires [ExtendedConfig ASPM ClockPM MSI]
[    0.903110] acpi PNP0A03:00: fail to add MMCONFIG information, can't access extended PCI configuration space under this bridge.
[    0.908381] PCI host bridge to bus 0000:00
[    0.910743] pci_bus 0000:00: root bus resource [io  0x0000-0x0cf7 window]
[    0.913621] pci_bus 0000:00: root bus resource [io  0x0d00-0xffff window]
[    0.916399] pci_bus 0000:00: root bus resource [mem 0x000a0000-0x000bffff window]
[    0.919526] pci_bus 0000:00: root bus resource [mem 0x40000000-0xfdffffff window]
[    0.922652] pci_bus 0000:00: root bus resource [bus 00-ff]
[    0.927882] pci 0000:00:01.1: legacy IDE quirk: reg 0x10: [io  0x01f0-0x01f7]
[    0.930390] pci 0000:00:01.1: legacy IDE quirk: reg 0x14: [io  0x03f6]
[    0.932756] pci 0000:00:01.1: legacy IDE quirk: reg 0x18: [io  0x0170-0x0177]
[    0.961651] pci 0000:00:01.1: legacy IDE quirk: reg 0x1c: [io  0x0376]
[    0.984589] pci 0000:00:07.0: quirk: [io  0x4000-0x403f] claimed by PIIX4 ACPI
[    0.987934] pci 0000:00:07.0: quirk: [io  0x4100-0x410f] claimed by PIIX4 SMB
[    0.998178] ACPI: PCI Interrupt Link [LNKA] (IRQs 5 9 10 *11)
[    1.001732] ACPI: PCI Interrupt Link [LNKB] (IRQs 5 9 *10 11)
[    1.004871] ACPI: PCI Interrupt Link [LNKC] (IRQs 5 *9 10 11)
[    1.007959] ACPI: PCI Interrupt Link [LNKD] (IRQs 5 9 10 *11)
[    1.011138] ACPI: Enabled 2 GPEs in block 00 to 07
[    1.013665] vgaarb: setting as boot device: PCI:0000:00:02.0
[    1.015834] vgaarb: device added: PCI:0000:00:02.0,decodes=io+mem,owns=io+mem,locks=none
[    1.019234] vgaarb: loaded
[    1.020649] vgaarb: bridge control possible 0000:00:02.0
[    1.023372] SCSI subsystem initialized
[    1.025586] ACPI: bus type USB registered
[    1.027339] usbcore: registered new interface driver usbfs
[    1.029441] usbcore: registered new interface driver hub
[    1.031492] usbcore: registered new device driver usb
[    1.033994] PCI: Using ACPI for IRQ routing
[    1.053043] NetLabel: Initializing
[    1.054708] NetLabel:  domain hash size = 128
[    1.056618] NetLabel:  protocols = UNLABELED CIPSOv4
[    1.058690] NetLabel:  unlabeled traffic allowed by default
[    1.061229] amd_nb: Cannot enumerate AMD northbridges
[    1.063241] clocksource: Switched to clocksource kvm-clock
[    1.116995] AppArmor: AppArmor Filesystem Enabled
[    1.119086] pnp: PnP ACPI init
[    1.122764] pnp: PnP ACPI: found 3 devices
[    1.134886] clocksource: acpi_pm: mask: 0xffffff max_cycles: 0xffffff, max_idle_ns: 2085701024 ns
[    1.138586] NET: Registered protocol family 2
[    1.140689] TCP established hash table entries: 8192 (order: 4, 65536 bytes)
[    1.143763] TCP bind hash table entries: 8192 (order: 5, 131072 bytes)
[    1.146304] TCP: Hash tables configured (established 8192 bind 8192)
[    1.148732] UDP hash table entries: 512 (order: 2, 16384 bytes)
[    1.150963] UDP-Lite hash table entries: 512 (order: 2, 16384 bytes)
[    1.153574] NET: Registered protocol family 1
[    1.155680] pci 0000:00:00.0: Limiting direct PCI/PCI transfers
[    1.158093] pci 0000:00:01.0: Activating ISA DMA hang workarounds
[    1.160789] Unpacking initramfs...
[    2.048277] Freeing initrd memory: 14884K
[    2.050277] RAPL PMU detected, API unit is 2^-32 Joules, 4 fixed counters 10737418240 ms ovfl timer
[    2.054094] hw unit of domain pp0-core 2^-0 Joules
[    2.056060] hw unit of domain package 2^-0 Joules
[    2.058025] hw unit of domain dram 2^-0 Joules
[    2.060246] hw unit of domain pp1-gpu 2^-0 Joules
[    2.062283] clocksource: tsc: mask: 0xffffffffffffffff max_cycles: 0x23f3f6e46d8, max_idle_ns: 440795306935 ns
[    2.066663] platform rtc_cmos: registered platform RTC device (no PNP device found)
[    2.070213] Scanning for low memory corruption every 60 seconds
[    2.072942] audit: initializing netlink subsys (disabled)
[    2.075192] audit: type=2000 audit(1595849489.517:1): initialized
[    2.078254] Initialise system trusted keyring
[    2.080454] HugeTLB registered 2 MB page size, pre-allocated 0 pages
[    2.105533] zbud: loaded
[    2.107300] VFS: Disk quotas dquot_6.6.0
[    2.111138] VFS: Dquot-cache hash table entries: 512 (order 0, 4096 bytes)
[    2.114209] squashfs: version 4.0 (2009/01/31) Phillip Lougher
[    2.116935] fuse init (API version 7.23)
[    2.119223] Key type big_key registered
[    2.124640] Allocating IMA MOK and blacklist keyrings.
[    2.136693] Key type asymmetric registered
[    2.138554] Asymmetric key parser 'x509' registered
[    2.145020] Block layer SCSI generic (bsg) driver version 0.4 loaded (major 249)
[    2.148789] io scheduler noop registered
[    2.150510] io scheduler deadline registered (default)
[    2.161216] io scheduler cfq registered
[    2.166404] pci_hotplug: PCI Hot Plug PCI Core version: 0.5
[    2.168731] pciehp: PCI Express Hot Plug Controller Driver version: 0.4
[    2.171471] ACPI: AC Adapter [AC] (on-line)
[    2.174631] input: Power Button as /devices/LNXSYSTM:00/LNXPWRBN:00/input/input0
[    2.180129] ACPI: Power Button [PWRF]
[    2.181950] input: Sleep Button as /devices/LNXSYSTM:00/LNXSLPBN:00/input/input1
[    2.185555] ACPI: Sleep Button [SLPF]
[    2.191954] ACPI: Battery Slot [BAT0] (battery present)
[    2.196276] GHES: HEST is not enabled!
[    2.198135] Serial: 8250/16550 driver, 32 ports, IRQ sharing enabled
[    2.231083] 00:02: ttyS0 at I/O 0x3f8 (irq = 4, base_baud = 115200) is a 16550A
[    2.237083] Linux agpgart interface v0.103
[    2.241238] loop: module loaded
[    2.244144] scsi host0: ata_piix
[    2.246004] scsi host1: ata_piix
[    2.247729] ata1: PATA max UDMA/33 cmd 0x1f0 ctl 0x3f6 bmdma 0xd000 irq 14
[    2.255922] ata2: PATA max UDMA/33 cmd 0x170 ctl 0x376 bmdma 0xd008 irq 15
[    2.258683] libphy: Fixed MDIO Bus: probed
[    2.260504] tun: Universal TUN/TAP device driver, 1.6
[    2.262552] tun: (C) 1999-2004 Max Krasnyansky <maxk@qualcomm.com>
[    2.266558] PPP generic driver version 2.4.2
[    2.274721] ehci_hcd: USB 2.0 'Enhanced' Host Controller (EHCI) Driver
[    2.277287] ehci-pci: EHCI PCI platform driver
[    2.279226] ehci-platform: EHCI generic platform driver
[    2.281377] ohci_hcd: USB 1.1 'Open' Host Controller (OHCI) Driver
[    2.283826] ohci-pci: OHCI PCI platform driver
[    2.285868] ohci-platform: OHCI generic platform driver
[    2.288105] uhci_hcd: USB Universal Host Controller Interface driver
[    2.290688] i8042: PNP: PS/2 Controller [PNP0303:PS2K,PNP0f03:PS2M] at 0x60,0x64 irq 1,12
[    2.294785] serio: i8042 KBD port at 0x60,0x64 irq 1
[    2.297001] serio: i8042 AUX port at 0x60,0x64 irq 12
[    2.299254] mousedev: PS/2 mouse device common for all mice
[    2.302207] rtc_cmos rtc_cmos: rtc core: registered rtc_cmos as rtc0
[    2.306062] input: AT Translated Set 2 keyboard as /devices/platform/i8042/serio0/input/input2
[    2.309590] rtc_cmos rtc_cmos: alarms up to one day, 114 bytes nvram
[    2.312038] i2c /dev entries driver
[    2.313763] device-mapper: uevent: version 1.0.3
[    2.315963] device-mapper: ioctl: 4.34.0-ioctl (2015-10-28) initialised: dm-devel@redhat.com
[    2.319586] ledtrig-cpu: registered to indicate activity on CPUs
[    2.322603] NET: Registered protocol family 10
[    2.324764] NET: Registered protocol family 17
[    2.326564] Key type dns_resolver registered
[    2.329216] registered taskstats version 1
[    2.331206] Loading compiled-in X.509 certificates
[    2.334183] Loaded X.509 cert 'Build time autogenerated kernel key: cef5e81496c0efa51b848ab539e845ddf31c08be'
[    2.338349] zswap: loaded using pool lzo/zbud
[    2.343534] Key type trusted registered
[    2.350686] Key type encrypted registered
[    2.352499] AppArmor: AppArmor sha1 policy hashing enabled
[    2.354662] ima: No TPM chip found, activating TPM-bypass!
[    2.356853] ima: Allocated hash algorithm: sha1
[    2.358684] evm: HMAC attrs: 0x1
[    2.360633]   Magic number: 12:678:530
[    2.362259] tty ttyS10: hash matches
[    2.363965] rtc_cmos rtc_cmos: setting system clock to 2020-07-27 11:31:23 UTC (1595849483)
[    2.367732] BIOS EDD facility v0.16 2004-Jun-25, 0 devices found
[    2.370038] EDD information not available.
[    2.730746] Freeing unused kernel memory: 1492K
[    2.744275] Write protecting the kernel read-only data: 14336k
[    2.749800] Freeing unused kernel memory: 1592K
[    2.752057] Freeing unused kernel memory: 56K
Loading, please wait...
starting version 229
[    2.778313] random: systemd-udevd: uninitialized urandom read (16 bytes read, 3 bits of entropy available)
[    2.779326] random: udevadm: uninitialized urandom read (16 bytes read, 3 bits of entropy available)
[    2.779353] random: udevadm: uninitialized urandom read (16 bytes read, 3 bits of entropy available)
[    2.794554] random: systemd-udevd: uninitialized urandom read (16 bytes read, 3 bits of entropy available)
[    2.795529] random: udevadm: uninitialized urandom read (16 bytes read, 3 bits of entropy available)
[    2.795598] random: udevadm: uninitialized urandom read (16 bytes read, 3 bits of entropy available)
[    2.795870] random: udevadm: uninitialized urandom read (16 bytes read, 3 bits of entropy available)
[    2.795960] random: udevadm: uninitialized urandom read (16 bytes read, 3 bits of entropy available)
[    2.796049] random: udevadm: uninitialized urandom read (16 bytes read, 3 bits of entropy available)
[    2.796140] random: udevadm: uninitialized urandom read (16 bytes read, 3 bits of entropy available)
[    2.866705] Fusion MPT base driver 3.04.20
[    2.868579] Copyright (c) 1999-2008 LSI Corporation
[    2.870683] e1000: Intel(R) PRO/1000 Network Driver - version 7.3.21-k8-NAPI
[    2.882271] e1000: Copyright (c) 1999-2006 Intel Corporation.
[    2.917109] AVX2 version of gcm_enc/dec engaged.
[    2.919040] AES CTR mode by8 optimization enabled
[    2.930758] Fusion MPT SPI Host driver 3.04.20
[    3.128219] input: ImExPS/2 Generic Explorer Mouse as /devices/platform/i8042/serio1/input/input4
[    4.073530] e1000 0000:00:03.0 eth0: (PCI:33MHz:32-bit) 02:81:88:50:25:98
[    4.076103] e1000 0000:00:03.0 eth0: Intel(R) PRO/1000 Network Connection
[    4.080291] mptbase: ioc0: Initiating bringup
[    4.083177] e1000 0000:00:03.0 enp0s3: renamed from eth0
[    4.967022] ioc0: LSI53C1030 A0: Capabilities={Initiator}
[    7.106964] scsi host2: ioc0: LSI53C1030 A0, FwRev=00000000h, Ports=1, MaxQ=256, IRQ=20
[    9.997279] scsi 2:0:0:0: Direct-Access     VBOX     HARDDISK         1.0  PQ: 0 ANSI: 5
[   10.001078] scsi target2:0:0: Beginning Domain Validation
[   10.006031] scsi target2:0:0: Domain Validation skipping write tests
[   10.035817] scsi target2:0:0: Ending Domain Validation
[   10.038128] scsi target2:0:0: asynchronous
[   10.040666] scsi 2:0:1:0: Direct-Access     VBOX     HARDDISK         1.0  PQ: 0 ANSI: 5
[   10.043967] scsi target2:0:1: Beginning Domain Validation
[   10.047462] scsi target2:0:1: Domain Validation skipping write tests
[   10.049808] scsi target2:0:1: Ending Domain Validation
[   10.052042] scsi target2:0:1: asynchronous
[   10.062951] sd 2:0:0:0: [sda] 20971520 512-byte logical blocks: (10.7 GB/10.0 GiB)
[   10.066861] sd 2:0:0:0: [sda] Write Protect is off
[   10.066871] sd 2:0:0:0: Attached scsi generic sg0 type 0
[   10.070101] sd 2:0:1:0: Attached scsi generic sg1 type 0
[   10.070436] sd 2:0:1:0: [sdb] 20480 512-byte logical blocks: (10.5 MB/10.0 MiB)
[   10.070718] sd 2:0:1:0: [sdb] Write Protect is off
[   10.070905] sd 2:0:1:0: [sdb] Incomplete mode parameter data
[   10.070908] sd 2:0:1:0: [sdb] Assuming drive cache: write through
[   10.084212] sd 2:0:0:0: [sda] Incomplete mode parameter data
[   10.086873] sd 2:0:0:0: [sda] Assuming drive cache: write through
[   10.087987] sd 2:0:1:0: [sdb] Attached SCSI disk
[   10.102309]  sda: sda1
[   10.105912] sd 2:0:0:0: [sda] Attached SCSI disk
Begin: Loading essential drivers ... [   12.198379] md: linear personality registered for level -1
[   12.205234] md: multipath personality registered for level -4
[   12.211846] md: raid0 personality registered for level 0
[   12.219682] md: raid1 personality registered for level 1
[   12.304015] raid6: sse2x1   gen()  2650 MB/s
[   12.371355] raid6: sse2x1   xor()  1739 MB/s
[   12.439713] raid6: sse2x2   gen()  4562 MB/s
[   12.508043] raid6: sse2x2   xor()  3098 MB/s
[   12.575417] raid6: sse2x4   gen()  6984 MB/s
[   12.643947] raid6: sse2x4   xor()  4145 MB/s
[   12.711332] raid6: avx2x1   gen()  5705 MB/s
[   12.779705] raid6: avx2x2   gen() 10254 MB/s
[   12.847764] raid6: avx2x4   gen() 13536 MB/s
[   12.849646] raid6: using algorithm avx2x4 gen() 13536 MB/s
[   12.851948] raid6: using avx2x2 recovery algorithm
[   12.855985] xor: automatically using best checksumming function:
[   12.895322]    avx       : 16770.000 MB/sec
[   12.898884] async_tx: api initialized (async)
[   12.917624] md: raid6 personality registered for level 6
[   12.919743] md: raid5 personality registered for level 5
[   12.921796] md: raid4 personality registered for level 4
[   12.933287] md: raid10 personality registered for level 10
done.
Begin: Running /scripts/init-premount ... done.
Begin: Mounting root file system ... Begin: Running /scripts/local-top ... done.
Begin: Running /scripts/local-premount ... [   13.011346] Btrfs loaded
Scanning for Btrfs filesystems
done.
Warning: fsck not present, so skipping root file system
[   13.126707] EXT4-fs (sda1): mounted filesystem with ordered data mode. Opts: (null)
done.
Begin: Running /scripts/local-bottom ... done.
Begin: Running /scripts/init-bottom ... done.
[   13.913535] random: nonblocking pool is initialized
[   14.258989] systemd[1]: systemd 229 running in system mode. (+PAM +AUDIT +SELINUX +IMA +APPARMOR +SMACK +SYSVINIT +UTMP +LIBCRYPTSETUP +GCRYPT +GNUTLS +ACL +XZ -LZ4 +SECCOMP +BLKID +ELFUTILS +KMOD -IDN)
[   14.265974] systemd[1]: Detected virtualization oracle.
[   14.268069] systemd[1]: Detected architecture x86-64.

Welcome to [1mUbuntu 16.04.6 LTS[0m!

[   14.306920] systemd[1]: Set hostname to <ubuntu>.
[   14.350545] systemd[1]: Initializing machine ID from random generator.
[   14.353893] systemd[1]: Installed transient /etc/machine-id file.
[   16.216085] systemd[1]: Reached target System Time Synchronized.
[[0;32m  OK  [0m] Reached target System Time Synchronized.
[   16.219809] systemd[1]: Listening on Syslog Socket.
[[0;32m  OK  [0m] Listening on Syslog Socket.
[   16.225604] systemd[1]: Started Trigger resolvconf update for networkd DNS.
[[0;32m  OK  [0m] Started Trigger resolvconf update for networkd DNS.
[   16.233953] systemd[1]: Listening on Journal Socket (/dev/log).
[[0;32m  OK  [0m] Listening on Journal Socket (/dev/log).
[   16.237705] systemd[1]: Reached target Swap.
[[0;32m  OK  [0m] Reached target Swap.
[   16.240642] systemd[1]: Listening on /dev/initctl Compatibility Named Pipe.
[[0;32m  OK  [0m] Listening on /dev/initctl Compatibility Named Pipe.
[   16.245496] systemd[1]: Listening on udev Control Socket.
[[0;32m  OK  [0m] Listening on udev Control Socket.
[   16.258636] systemd[1]: Listening on Device-mapper event daemon FIFOs.
[[0;32m  OK  [0m] Listening on Device-mapper event daemon FIFOs.
[   16.262584] systemd[1]: Listening on LVM2 poll daemon socket.
[[0;32m  OK  [0m] Listening on LVM2 poll daemon socket.
[   16.300090] systemd[1]: Created slice System Slice.
[[0;32m  OK  [0m] Created slice System Slice.
[   16.303655] systemd[1]: Created slice system-serial\x2dgetty.slice.
[[0;32m  OK  [0m] Created slice system-serial\x2dgetty.slice.
[   16.307680] systemd[1]: Set up automount Arbitrary Executable File Formats File System Automount Point.
[[0;32m  OK  [0m] Set up automount Arbitrary Executab...ats File System Automount Point.
[   16.314331] systemd[1]: Created slice User and Session Slice.
[[0;32m  OK  [0m] Created slice User and Session Slice.
[   16.317797] systemd[1]: Reached target Slices.
[[0;32m  OK  [0m] Reached target Slices.
[   16.320713] systemd[1]: Reached target Encrypted Volumes.
[[0;32m  OK  [0m] Reached target Encrypted Volumes.
[   16.324327] systemd[1]: Started Forward Password Requests to Wall Directory Watch.
[[0;32m  OK  [0m] Started Forward Password Requests to Wall Directory Watch.
[   16.329137] systemd[1]: Listening on udev Kernel Socket.
[[0;32m  OK  [0m] Listening on udev Kernel Socket.
[   16.332863] systemd[1]: Listening on Journal Socket.
[[0;32m  OK  [0m] Listening on Journal Socket.
[   16.347868] systemd[1]: Mounting Debug File System...
         Mounting Debug File System...
[   16.353015] systemd[1]: Starting Uncomplicated firewall...
         Starting Uncomplicated firewall...
[   16.428262] systemd[1]: Starting Load Kernel Modules...
         Starting Load Kernel Modules...
[   16.432968] systemd[1]: Starting Create list of required static device nodes for the current kernel...
         Starting Create list of required st... nodes for the current kernel...
[   16.440739] systemd[1]: Starting Nameserver information manager...
         Starting Nameserver information manager...
[   16.445670] systemd[1]: Mounting Huge Pages File System...
         Mounting Huge Pages File System...
[   16.451518] systemd[1]: Starting Set console keymap...
         Starting Set console keymap...
[   16.527548] systemd[1]: Starting Remount Root and Kernel File Systems...
         Starting Remount Root and Kernel File Systems...
[   16.532756] systemd[1]: Mounting POSIX Message Queue File System...
         Mounting POSIX Message Queue File System...
[   16.544044] systemd[1]: Listening on LVM2 metadata daemon socket.
[[0;32m  OK  [0m] Listening on LVM2 metadata daemon socket.
[   16.560599] systemd[1]: Starting Monitoring of LVM2 mirrors, snapshots etc. using dmeventd or progress polling...
         Starting Monitoring of LVM2 mirrors... dmeventd or progress polling...
[   16.566758] systemd[1]: Listening on Journal Audit Socket.
[[0;32m  OK  [0m] Listening on Journal Audit Socket.
[   16.571477] systemd[1]: Starting Journal Service...
         Starting Journal Service...
[   16.575080] systemd[1]: Reached target User and Group Name Lookups.
[[0;32m  OK  [0m] Reached target User and Group Name Lookups.
[   16.582207] systemd[1]: Mounted Huge Pages File System.
[[0;32m  OK  [0m] Mounted Huge Pages File System.
[   16.585650] systemd[1]: Mounted POSIX Message Queue File System.
[[0;32m  OK  [0m] Mounted POSIX Message Queue File System.
[   16.589575] systemd[1]: Mounted Debug File System.
   16.591597] EXT4-fs (sda1): re-mounted. Opts: (null)
[[0;32m  OK  [0m] Mounted Debug File System.
[   16.601643] systemd[1]: Started Uncomplicated firewall.
[[0;32m  OK  [0m] Started Uncomplicated firewall.
[   16.606275] systemd[1]: Started Create list of required static device nodes for the current kernel.
[[0;32m  OK  [0m] Started Create list of required sta...ce nodes for the current kernel.
[   16.613171] systemd[1]: Started Remount Root and Kernel File Systems.
[[0;32m  OK  [0m] Started Remount Root and Kernel File Systems.
[   16.667927] systemd[1]: Starting udev Coldplug all Devices...
         Starting udev Coldplug all Devices...
[   16.672976] systemd[1]: Starting Load/Save Random Seed...
[   16.675517] Loading iSCSI transport class v2.0-870.
         Starting Load/Save Random Seed...
[   16.678655] systemd[1]: Starting Create Static Device Nodes in /dev...
         Starting Create Static Device Nodes in /dev...
[   16.712539] systemd[1]: Started Nameserver information manager.
[[0;32m  OK  [0m] Started Nameserver information manager.
[   16.957252] systemd[1]: Started Load/Save Random Seed.
[[0;32m  OK  [0m] Started Load/Save Random Seed.
[   16.999500] systemd[1]: Started udev Coldplug all Devices.
[[0;32m  OK  [0m] Started udev Coldplug all Devices.
[   17.017464] systemd[1]: Started Set console keymap.
[[0;32m  OK  [0m] Started Set console keymap.
[   17.065167] iscsi: registered transport (tcp)
[   17.098204] systemd[1]: Started Journal Service.
[[0;32m  OK  [0m] Started Journal Service.
         Starting Flush Journal to Persistent Storage...
[   17.218416] systemd-journald[390]: Received request to flush runtime journal from PID 1
[[0;32m  OK  [0m] Started Flush Journal to Persistent Storage.
[[0;32m  OK  [0m] Started LVM2 metadata daemon.
[   17.461457] iscsi: registered transport (iser)
[[0;32m  OK  [0m] Started Load Kernel Modules.
         Mounting FUSE Control File System...
         Starting Apply Kernel Variables...
[[0;32m  OK  [0m] Mounted FUSE Control File System.
[[0;32m  OK  [0m] Started Monitoring of LVM2 mirrors,...ng dmeventd or progress polling.
[[0;32m  OK  [0m] Started Apply Kernel Variables.
[[0;32m  OK  [0m] Started Create Static Device Nodes in /dev.
[[0;32m  OK  [0m] Reached target Local File Systems (Pre).
[[0;32m  OK  [0m] Reached target Local File Systems.
         Starting Initial cloud-init job (pre-networking)...
         Starting Commit a transient machine-id on disk...
         Starting Tell Plymouth To Write Out Runtime Data...
         Starting Create Volatile Files and Directories...
         Starting LSB: AppArmor initialization...
         Starting Set console font and keymap...
         Starting udev Kernel Device Manager...
[[0;32m  OK  [0m] Started Commit a transient machine-id on disk.
[[0;32m  OK  [0m] Started Tell Plymouth To Write Out Runtime Data.
[[0;32m  OK  [0m] Started Create Volatile Files and Directories.
         Starting Update UTMP about System Boot/Shutdown...
[[0;32m  OK  [0m] Started Update UTMP about System Boot/Shutdown.
[[0;32m  OK  [0m] Started udev Kernel Device Manager.
[[0;32m  OK  [0m] Started Dispatch Password Requests to Console Directory Watch.
[[0;32m  OK  [0m] Found device /dev/ttyS0.
[[0;32m  OK  [0m] Listening on Load/Save RF Kill Switch Status /dev/rfkill Watch.
[[0;32m  OK  [0m] Started LSB: AppArmor initialization.
         Starting Load AppArmor profiles managed internally by snapd...
[[0;32m  OK  [0m] Started Load AppArmor profiles managed internally by snapd.
[[0;32m  OK  [0m] Started Set console font and keymap.
[[0;32m  OK  [0m] Created slice system-getty.slice.
[   26.867485] cloud-init[453]: Cloud-init v. 20.2-45-g5f7825e2-0ubuntu1~16.04.1 running 'init-local' at Mon, 27 Jul 2020 11:31:47 +0000. Up 25.96 seconds.
[[0;32m  OK  [0m] Started Initial cloud-init job (pre-networking).
[[0;32m  OK  [0m] Reached target Network (Pre).
         Starting Raise network interfaces...
[[0;32m  OK  [0m] Started Raise network interfaces.
[[0;32m  OK  [0m] Reached target Network.
         Starting Initial cloud-init job (metadata service crawler)...
[   31.609224] cloud-init[953]: Cloud-init v. 20.2-45-g5f7825e2-0ubuntu1~16.04.1 running 'init' at Mon, 27 Jul 2020 11:31:49 +0000. Up 28.06 seconds.
[   31.612997] cloud-init[953]: ci-info: ++++++++++++++++++++++++++++++++++++++Net device info++++++++++++++++++++++++++++++++++++++
[   31.620983] cloud-init[953]: ci-info: +--------+------+----------------------------+---------------+--------+-------------------+
[   31.623442] cloud-init[953]: ci-info: | Device |  Up  |          Address           |      Mask     | Scope  |     Hw-Address    |
[   31.625759] cloud-init[953]: ci-info: +--------+------+----------------------------+---------------+--------+-------------------+
[   31.628079] cloud-init[953]: ci-info: | enp0s3 | True |         10.0.2.15          | 255.255.255.0 | global | 02:81:88:50:25:98 |
[   31.630997] cloud-init[953]: ci-info: | enp0s3 | True | fe80::81:88ff:fe50:2598/64 |       .       |  link  | 02:81:88:50:25:98 |
[   31.633643] cloud-init[953]: ci-info: |   lo   | True |         127.0.0.1          |   255.0.0.0   |  host  |         .         |
[   31.636396] cloud-init[953]: ci-info: |   lo   | True |          ::1/128           |       .       |  host  |         .         |
[   31.638683] cloud-init[953]: ci-info: +--------+------+----------------------------+---------------+--------+-------------------+
[   31.641040] cloud-init[953]: ci-info: +++++++++++++++++++++++++++Route IPv4 info++++++++++++++++++++++++++++
[   31.643133] cloud-init[953]: ci-info: +-------+-------------+----------+---------------+-----------+-------+
[   31.648732] cloud-init[953]: ci-info: | Route | Destination | Gateway  |    Genmask    | Interface | Flags |
[   31.651357] cloud-init[953]: ci-info: +-------+-------------+----------+---------------+-----------+-------+
[   31.654243] cloud-init[953]: ci-info: |   0   |   0.0.0.0   | 10.0.2.2 |    0.0.0.0    |   enp0s3  |   UG  |
[   31.656813] cloud-init[953]: ci-info: |   1   |   10.0.2.0  | 0.0.0.0  | 255.255.255.0 |   enp0s3  |   U   |
[   31.660594] cloud-init[953]: ci-info: +-------+-------------+----------+---------------+-----------+-------+
[   31.668670] cloud-init[953]: ci-info: +++++++++++++++++++Route IPv6 info+++++++++++++++++++
[   31.670718] cloud-init[953]: ci-info: +-------+-------------+---------+-----------+-------+
[   31.672721] cloud-init[953]: ci-info: | Route | Destination | Gateway | Interface | Flags |
[   31.674784] cloud-init[953]: ci-info: +-------+-------------+---------+-----------+-------+
[   31.676832] cloud-init[953]: ci-info: |   0   |  fe80::/64  |    ::   |   enp0s3  |   U   |
[   31.678928] cloud-init[953]: ci-info: |   3   |   ff00::/8  |    ::   |   enp0s3  |   U   |
[   31.680964] cloud-init[953]: ci-info: +-------+-------------+---------+-----------+-------+
[   31.684586] cloud-init[953]: Generating public/private rsa key pair.
[   31.686184] cloud-init[953]: Your identification has been saved in /etc/ssh/ssh_host_rsa_key.
[   31.688216] cloud-init[953]: Your public key has been saved in /etc/ssh/ssh_host_rsa_key.pub.
[   31.690474] cloud-init[953]: The key fingerprint is:
[   31.696754] cloud-init[953]: SHA256:qizkuizULDAAYeUlL90AY8JGxGs+AtStLXqgGM9sVHI root@ubuntu-xenial
[   31.704551] cloud-init[953]: The key's randomart image is:
[   31.706128] cloud-init[953]: +---[RSA 2048]----+
[   31.707560] cloud-init[953]: |O*o*oo           |
[   31.717280] cloud-init[953]: |o==.E.o          |
[   31.725030] cloud-init[953]: |+ .*oo .         |
[   31.736365] [[0;32m  OK  [0m] Started Initial cloud-init job (metadata service crawler).
[[0;32m  OK  [0m] Reached target Cloud-config availability.
[[0;32m  OK  [0m] Reached target Network is Online.
cloud-init[953]: |=+.o..           |
[   31.740343] cloud-init[953]: |BB= .   S        |
[   31.741775] cloud-init[953]: |+**+   .         |
[   31.743367] cloud-init[953]: |o++   .          |
[   31.744842] cloud-init[953]: |o o. .           |
[   31.746175] cloud-init[953]: |++ .o            |
[   31.752328] cloud-init[953]: +----[SHA256]-----+
[   31.753842] cloud-init[953]: Generating public/private dsa key pair.
[   31.756032]          Starting iSCSI initiator daemon (iscsid)...
[[0;32m  OK  [0m] Reached target System Initialization.
[[0;32m  OK  [0m] Started Daily Cleanup of Temporary Directories.
         Starting Socket activation for snappy daemon.
[[0;32m  OK  [0m] Listening on D-Bus System Message Bus Socket.
cloud-init[953]: Your identification has been saved in /etc/ssh/ssh_host_dsa_key.
[   31.763595] cloud-init[953]: Your public key has been saved in /etc/ssh/ssh_host_dsa_key.pub.
[   31.765906] cloud-init[953]: The key fingerprint is:
[   31.767517] cloud-init[953]: SHA256:FFzjLZMa0zks5/YXIV3CDG6bZ2O/w8B/B5xwytmw1sQ root@ubuntu-xenial
[   31.769809] cloud-init         Starting LXD - unix socket.
[953]: The key's randomart image is:
[   31.772708] cloud-init[953]: +---[DSA 1024]----+
[   31.774364] cloud-init[953]: |       ...o .+. .|
[   31.776423] cloud-init[953]: |        .= * .oo |
[   31.778170] cloud-init[953]: |        = @ =.o  |
[   31.779848] cloud-init[953]: |       . B =o+E. |
[   31.781508] cloud-init[953]: |        S o.+%*. |
[   31.783341] cloud-init[953]: |         . .***+ |
[   31.785648] cloud-init[953]: |           .. =..|
[   31.787429] [[0;32m  OK  [0m] Started ACPI Events Check.
[[0;32m  OK  [0m] Reached target Paths.
[[0;32m  OK  [0m] Started Message of the Day.
[[0;32m  OK  [0m] Started Daily apt download activities.
[[0;32m  OK  [0m] Started Daily apt upgrade and clean activities.
[[0;32m  OK  [0m] Reached target Timers.
[[0;32m  OK  [0m] Listening on ACPID Listen Socket.
[[0;32m  OK  [0m] Listening on UUID daemon activation socket.
[[0;32m  OK  [0m] Listening on Socket activation for snappy daemon.
[[0;32m  OK  [0m] Listening on LXD - unix socket.
[[0;32m  OK  [0m] Reached target Sockets.
[[0;32m  OK  [0m] Reached target Basic System.
cloud-init[953]: |             . ++|
[   31.797560] cloud-init[953]: |               .+|
[   31.799106] cloud-init[953]: +----[SHA256]-----+
[   31.800743] cloud-init[953]: Generating public/private ecdsa key pair.
[   31.802582] cloud-init[953]: Your identification has been saved in /etc/ssh/ssh_host_ecdsa_key.
[   31.804922] cloud-init[953]: Your public key has been saved in /etc/ssh/ssh_host_ecdsa_key.pub.
[   31.807086] cloud-init[953]: The key fingerprint is:         Starting Accounts Service...

[   31.809354]          Starting LSB: Record successful boot for GRUB...
cloud-init[[0;32m  OK  [0m] Started Deferred execution scheduler.
[953]: SHA256:DIIzmPLXYVPLNhgc/Rw0A/RZ50RNcaRcGgepV4s1kes root@ubuntu-xenial
[   31.815375] cloud-init[953]: The key's randomart image is:
[   31.817510] cloud-init[953]: +---[ECDSA 256]---+
[   31.818965] cloud-init[953]: |     .o++o+ ..*OX|
[   31.828411] cloud-init[953]: | o .  .=.o.= =.X+|
[   31.830229] cloud-init[953]: |+ + . * =oo. .B.+|         Starting Pollinate to seed the pseudo random number generator...

         Starting LSB: MD monitoring daemon...
[   31.833804] cloud-init[953]: |.. o + * .o ...o |
[   31.837154] cloud-init[953]: |  . . . S    ..  |
[   31.839693] cloud-init[953]: |   .           E |
[   31.841273] cloud-init[953]: |                 |
[   31.844109] cloud-init[953]: |                 |
[   31.852829] cloud-init[953]: |                 |
[   31.854476] cloud-init[953]: +----[SHA256]-----+
[   31.855830] cloud-init[953]: Generating public/private ed25519 key pair.
[   31.857808] cloud-init[953]: Your identification has been saved in /etc/ssh/ssh_host_ed25519_key.
[   31.859858] cloud-init[953]: Your public key has been saved in /etc/ssh/ssh_host_ed25519_key.pub.
[   31.862243] cloud-init[953]: The key fingerprint is:
[   31.864112] cloud-init[953]: SHA256:NuhGCQyGPUGYREUeVp/DsZWSjpJoceOGjqp1AuuYY5U root@ubuntu-xenial
[   31.866393] cloud-init[953]: The key's randomart image is:
[   31.868104] cloud-init[953]: +--[ED25519 256]--+
[   31.869661] cloud-init[953]: |oOB*.. ....      |
[   31.877218] cloud-init[953]: |+o==. oo=.       |
[[0;32m  OK  [0m] Started ACPI event daemon.
[   31.891331] cloud-init[953]: |  *o= o*.        |
[   31.900492] cloud-init[953]: | + = o +.        |
[   31.900781] cloud-init[953]: |= . o + S        |
[   31.901546] cloud-init[953]: |.+ E o . .       |
[   31.901949] cloud-init[953]: |o + . o          |
[   31.902668] cloud-init[953]: |=+ o .           |
[   31.903394] cloud-init[953]: |*o               |
[   31.903730] cloud-init[953]: +----[SHA256]-----+
         Starting Login Service...
[[0;32m  OK  [0m] Started FUSE filesystem for LXC.
[[0;32m  OK  [0m] Started D-Bus System Message Bus.
         Starting Snap Daemon...
[[0;32m  OK  [0m] Started Regular background program processing daemon.
         Starting Virtualbox guest utils...
         Starting /etc/rc.local Compatibility...
         Starting System Logging Service...
         Starting LXD - container startup/shutdown...
[[0;32m  OK  [0m] Started Login Service.
[[0;32m  OK  [0m] Started Unattended Upgrades Shutdown.
[[0;32m  OK  [0m] Started LSB: Record successful boot for GRUB.
[[0;32m  OK  [0m] Started /etc/rc.local Compatibility.
[[0;32m  OK  [0m] Started iSCSI initiator daemon (iscsid).
         Starting Login to default iSCSI targets...
[[0;32m  OK  [0m] Started LSB: MD monitoring daemon.
         Starting Authenticate and Authorize Users to Run Privileged Tasks...
[[0;32m  OK  [0m] Started System Logging Service.
[[0;32m  OK  [0m] Started Login to default iSCSI targets.
[[0;32m  OK  [0m] Reached target Remote File Systems (Pre).
[[0;32m  OK  [0m] Reached target Remote File Systems.
         Starting Permit User Sessions...
         Starting LSB: automatic crash report generation...
         Starting LSB: Set the CPU Frequency Scaling governor to "ondemand"...
         Starting LSB: daemon to balance interrupts for SMP systems...
[[0;32m  OK  [0m] Started Permit User Sessions.
[[0;32m  OK  [0m] Started LSB: Set the CPU Frequency Scaling governor to "ondemand".
         Starting Terminate Plymouth Boot Screen...
         Starting Hold until boot process finishes up...
[[0;32m  OK  [0m] Started Terminate Plymouth Boot Screen.
[[0;32m  OK  [0m] Started Hold until boot process finishes up.
[[0;32m  OK  [0m] Started Serial Getty on ttyS0.
[[0;32m  OK  [0m] Started Getty on tty1.
[[0;32m  OK  [0m] Reached target Login Prompts.
         Starting Set console scheme...
[[0;32m  OK  [0m] Started LSB: automatic crash report generation.
[[0;32m  OK  [0m] Started Set console scheme.
[[0;32m  OK  [0m] Started LSB: daemon to balance interrupts for SMP systems.
[[0;32m  OK  [0m] Started Authenticate and Authorize Users to Run Privileged Tasks.
[[0;32m  OK  [0m] Started Accounts Service.
[[0;32m  OK  [0m] Started Virtualbox guest utils.
[[0;32m  OK  [0m] Started LXD - container startup/shutdown.
[[0;32m  OK  [0m] Started Snap Daemon.
         Starting Wait until snapd is fully seeded...

Ubuntu 16.04.6 LTS ubuntu-xenial ttyS0

ubuntu-xenial login: [   46.712724] cloud-init[1304]: Generating locales (this might take a while)...
[   51.822987] cloud-init[1304]:   en_US.UTF-8... done
[   51.823736] cloud-init[1304]: Generation complete.
[   53.418371] cloud-init[1304]: Cloud-init v. 20.2-45-g5f7825e2-0ubuntu1~16.04.1 running 'modules:config' at Mon, 27 Jul 2020 11:32:07 +0000. Up 46.01 seconds.
ci-info: no authorized SSH keys fingerprints found for user ubuntu.
<14>Jul 27 11:32:16 ec2: 
<14>Jul 27 11:32:16 ec2: #############################################################
<14>Jul 27 11:32:16 ec2: -----BEGIN SSH HOST KEY FINGERPRINTS-----
<14>Jul 27 11:32:16 ec2: 1024 SHA256:FFzjLZMa0zks5/YXIV3CDG6bZ2O/w8B/B5xwytmw1sQ root@ubuntu-xenial (DSA)
<14>Jul 27 11:32:16 ec2: 256 SHA256:DIIzmPLXYVPLNhgc/Rw0A/RZ50RNcaRcGgepV4s1kes root@ubuntu-xenial (ECDSA)
<14>Jul 27 11:32:16 ec2: 256 SHA256:NuhGCQyGPUGYREUeVp/DsZWSjpJoceOGjqp1AuuYY5U root@ubuntu-xenial (ED25519)
<14>Jul 27 11:32:16 ec2: 2048 SHA256:qizkuizULDAAYeUlL90AY8JGxGs+AtStLXqgGM9sVHI root@ubuntu-xenial (RSA)
<14>Jul 27 11:32:16 ec2: -----END SSH HOST KEY FINGERPRINTS-----
<14>Jul 27 11:32:16 ec2: #############################################################
-----BEGIN SSH HOST KEY KEYS-----
ecdsa-sha2-nistp256 AAAAE2VjZHNhLXNoYTItbmlzdHAyNTYAAAAIbmlzdHAyNTYAAABBBH8QFLqpJuhtEGdLRRh6tCn/smKkrOeZTTDMqbUSj0f4iejA4iUSdaREpmLCcxx1OEP73T+5vN11cgJJdkAVOv8= root@ubuntu-xenial
ssh-ed25519 AAAAC3NzaC1lZDI1NTE5AAAAIBpjOUJrlZcZWgo0W5rWhM7H9z7l9aC57StR1iaqWbuY root@ubuntu-xenial
ssh-rsa AAAAB3NzaC1yc2EAAAADAQABAAABAQCuzkKFQ0ExED9j8CxA9ereZ4xN6CNZnGvCgaMjnbbmrO+6xZ3kdPDus0pECl6awuVCrK9VVJO/YH5277x3ioF1d1UoTZ53rzER5vdCQzfzmYMJ2PLc6uhVIziPFkUFUsk65HWXikfDj4T3eVFW+xTyw4k7uMkA9d/cGIAiGswkr73tNTJ5QUyMQtif4pVwSD/CJp1Rbwq5EqNXMS8wbSmXDA5O4Dn9lUXzZzvTPZPo9aO0H9RLSiNcQ4A+ZaMMzHv8f/v0IcbiKyTc53rpOAUu3r6sTS5JsLJT7rthDrWJ4pINy0v9iFJNlRjnOeIila2BYbkxHaHylCwd2XgB1dLF root@ubuntu-xenial
-----END SSH HOST KEY KEYS-----
[   54.642050] cloud-init[1562]: Cloud-init v. 20.2-45-g5f7825e2-0ubuntu1~16.04.1 running 'modules:final' at Mon, 27 Jul 2020 11:32:15 +0000. Up 54.20 seconds.
[   54.642376] cloud-init[1562]: ci-info: no authorized SSH keys fingerprints found for user ubuntu.
[   54.643024] cloud-init[1562]: Cloud-init v. 20.2-45-g5f7825e2-0ubuntu1~16.04.1 finished at Mon, 27 Jul 2020 11:32:16 +0000. Datasource DataSourceNoCloud [seed=/dev/sdb][dsmode=net].  Up 54.62 seconds
